// Jest Snapshot v1, https://goo.gl/fbAQLP

exports[`<Base/> Snapshot 1`] = `ReactWrapper {}`;
