// Jest Snapshot v1, https://goo.gl/fbAQLP

exports[`<Gallery /> Snapshot 1`] = `ShallowWrapper {}`;
