// Jest Snapshot v1, https://goo.gl/fbAQLP

exports[`<Modal /> Snapshot 1`] = `ShallowWrapper {}`;
